// Jest Snapshot v1, https://goo.gl/fbAQLP

exports[`Logo 1`] = `
<a
  className="header_logo"
  href="/"
  onClick={[Function]}
>
  <img
    alt=""
    src="/assets/images/logo.png"
  />
</a>
`;
